{
  "version": "1.5.0",
  "plugins_used": [
    {
      "name": "ArtifactoryDetector"
    },
    {
      "name": "AWSKeyDetector"
    },
    {
      "name": "AzureStorageKeyDetector"
    },
    {
      "name": "Base64HighEntropyString",
      "limit": 4.5
    },
    {
      "name": "BasicAuthDetector"
    },
    {
      "name": "CloudantDetector"
    },
    {
      "name": "DiscordBotTokenDetector"
    },
    {
      "name": "GitHubTokenDetector"
    },
    {
      "name": "GitLabTokenDetector"
    },
    {
      "name": "HexHighEntropyString",
      "limit": 3.0
    },
    {
      "name": "IbmCloudIamDetector"
    },
    {
      "name": "IbmCosHmacDetector"
    },
    {
      "name": "IPPublicDetector"
    },
    {
      "name": "JwtTokenDetector"
    },
    {
      "name": "KeywordDetector",
      "keyword_exclude": ""
    },
    {
      "name": "MailchimpDetector"
    },
    {
      "name": "NpmDetector"
    },
    {
      "name": "OpenAIDetector"
    },
    {
      "name": "PrivateKeyDetector"
    },
    {
      "name": "PypiTokenDetector"
    },
    {
      "name": "SendGridDetector"
    },
    {
      "name": "SlackDetector"
    },
    {
      "name": "SoftlayerDetector"
    },
    {
      "name": "SquareOAuthDetector"
    },
    {
      "name": "StripeDetector"
    },
    {
      "name": "TelegramBotTokenDetector"
    },
    {
      "name": "TwilioKeyDetector"
    }
  ],
  "filters_used": [
    {
      "path": "detect_secrets.filters.allowlist.is_line_allowlisted"
    },
    {
      "path": "detect_secrets.filters.common.is_baseline_file",
      "filename": ".secrets.baseline"
    },
    {
      "path": "detect_secrets.filters.common.is_ignored_due_to_verification_policies",
      "min_level": 2
    },
    {
      "path": "detect_secrets.filters.heuristic.is_indirect_reference"
    },
    {
      "path": "detect_secrets.filters.heuristic.is_likely_id_string"
    },
    {
      "path": "detect_secrets.filters.heuristic.is_lock_file"
    },
    {
      "path": "detect_secrets.filters.heuristic.is_not_alphanumeric_string"
    },
    {
      "path": "detect_secrets.filters.heuristic.is_potential_uuid"
    },
    {
      "path": "detect_secrets.filters.heuristic.is_prefixed_with_dollar_sign"
    },
    {
      "path": "detect_secrets.filters.heuristic.is_sequential_string"
    },
    {
      "path": "detect_secrets.filters.heuristic.is_swagger_file"
    },
    {
      "path": "detect_secrets.filters.heuristic.is_templated_secret"
    },
    {
      "path": "detect_secrets.filters.regex.should_exclude_file",
      "pattern": [
        "\\.cache/|\\.pipeline/|\\.blob/|\\.blob-test/|\\.git/|tests/fixtures/.*\\.(pdf|html|xml|json|sqlite3?|zip)$"
      ]
    }
  ],
  "results": {
    "research/eu-v2/article-body-review.json": [
      {
        "type": "Hex High Entropy String",
        "filename": "research/eu-v2/article-body-review.json",
        "hashed_secret": "929c0cd512e2ffbc942e6961912e8d04a611d8fa",
        "is_verified": false,
        "line_number": 11,
        "is_secret": false
      },
      {
        "type": "Hex High Entropy String",
        "filename": "research/eu-v2/article-body-review.json",
        "hashed_secret": "3f1bc6cbc57e61d2b7974044a357de67d7214c26",
        "is_verified": false,
        "line_number": 41,
        "is_secret": false
      },
      {
        "type": "Hex High Entropy String",
        "filename": "research/eu-v2/article-body-review.json",
        "hashed_secret": "eda4d28af4eb2c1548daa018635e1d317e988868",
        "is_verified": false,
        "line_number": 51,
        "is_secret": false
      },
      {
        "type": "Hex High Entropy String",
        "filename": "research/eu-v2/article-body-review.json",
        "hashed_secret": "1a6db68bee047c2736abb69efb68ce6158f47edd",
        "is_verified": false,
        "line_number": 61,
        "is_secret": false
      },
      {
        "type": "Hex High Entropy String",
        "filename": "research/eu-v2/article-body-review.json",
        "hashed_secret": "af146ed834359f3063896b45a0945d293bea383c",
        "is_verified": false,
        "line_number": 71,
        "is_secret": false
      },
      {
        "type": "Hex High Entropy String",
        "filename": "research/eu-v2/article-body-review.json",
        "hashed_secret": "1338594584fb4b6c250e56f3018ada08c38a9a06",
        "is_verified": false,
        "line_number": 81,
        "is_secret": false
      },
      {
        "type": "Hex High Entropy String",
        "filename": "research/eu-v2/article-body-review.json",
        "hashed_secret": "03436074432e0a513c21c534de980a960aac8143",
        "is_verified": false,
        "line_number": 153,
        "is_secret": false
      }
    ],
    "research/eu-v2/rebuild-results.json": [
      {
        "type": "Hex High Entropy String",
        "filename": "research/eu-v2/rebuild-results.json",
        "hashed_secret": "39bf6d0f3311c97643295b7a47d6926d5323a09e",
        "is_verified": false,
        "line_number": 4,
        "is_secret": false
      },
      {
        "type": "Hex High Entropy String",
        "filename": "research/eu-v2/rebuild-results.json",
        "hashed_secret": "03436074432e0a513c21c534de980a960aac8143",
        "is_verified": false,
        "line_number": 5,
        "is_secret": false
      },
      {
        "type": "Hex High Entropy String",
        "filename": "research/eu-v2/rebuild-results.json",
        "hashed_secret": "849ce8911709e288c8651de3e9b070e07ae2d504",
        "is_verified": false,
        "line_number": 64,
        "is_secret": false
      }
    ]
  },
  "generated_at": "2026-08-21T15:56:27Z"
}
